Selected 437 cards (of 763).
Snapshot saved to /Users/mateo/Downloads/rbsim-main/riftbound/data/cards/all_cards.json.bak
  batch 0: 10 cards (in=1253 out=793 cache_read=0)
  batch 1: 10 cards (in=1398 out=1154 cache_read=6067)
  batch 2: 10 cards (in=1469 out=1270 cache_read=6067)
  batch 3: 10 cards (in=1476 out=1270 cache_read=6067)
  batch 4: 10 cards (in=1301 out=810 cache_read=6067)
  batch 5: 10 cards (in=1456 out=1184 cache_read=6067)
  batch 6: 10 cards (in=1249 out=970 cache_read=6067)
  batch 7: 10 cards (in=1465 out=1425 cache_read=6067)
  batch 8: 10 cards (in=1517 out=1342 cache_read=6067)
  batch 9: 10 cards (in=1269 out=1152 cache_read=6067)
  batch 10: 10 cards (in=1405 out=919 cache_read=6067)
  batch 11: 10 cards (in=1332 out=1273 cache_read=6067)
  batch 12: 10 cards (in=1341 out=1078 cache_read=6067)
  batch 13: 10 cards (in=1409 out=1151 cache_read=6067)
  batch 14: 10 cards (in=1551 out=1461 cache_read=6067)
  batch 15: 10 cards (in=1351 out=1088 cache_read=6067)
  batch 16: 10 cards (in=1147 out=918 cache_read=6067)
  batch 17: 10 cards (in=1275 out=856 cache_read=6067)
  batch 18: 10 cards (in=1307 out=1130 cache_read=6067)
  batch 19: 10 cards (in=1516 out=1366 cache_read=6067)
  batch 20: 10 cards (in=1516 out=1388 cache_read=6067)
  batch 21: 10 cards (in=1506 out=1422 cache_read=6067)
  batch 22: 10 cards (in=1452 out=1204 cache_read=6067)
  batch 23: 10 cards (in=1356 out=1041 cache_read=6067)
  batch 24: 10 cards (in=1510 out=1305 cache_read=6067)
  batch 25: 10 cards (in=1543 out=1604 cache_read=6067)
  batch 26: 10 cards (in=1724 out=1571 cache_read=6067)
  batch 27: 10 cards (in=1302 out=1436 cache_read=6067)
  batch 28: 10 cards (in=1129 out=1114 cache_read=6067)
  batch 29: 10 cards (in=1462 out=1285 cache_read=6067)
  batch 30: 10 cards (in=1573 out=1060 cache_read=6067)
  batch 31: 10 cards (in=1698 out=1657 cache_read=6067)
  batch 32: 10 cards (in=1551 out=1720 cache_read=6067)
  batch 33: 10 cards (in=1808 out=1335 cache_read=6067)
  batch 34: 10 cards (in=1408 out=1064 cache_read=6067)
  batch 35: 10 cards (in=1441 out=1560 cache_read=6067)
  batch 36: 10 cards (in=1562 out=1776 cache_read=6067)
  batch 37: 10 cards (in=1738 out=1840 cache_read=6067)
  batch 38: 10 cards (in=1463 out=1371 cache_read=6067)
  batch 39: 10 cards (in=1726 out=1679 cache_read=6067)
  batch 40: 10 cards (in=1692 out=1652 cache_read=6067)
  batch 41: 10 cards (in=1626 out=1790 cache_read=6067)
  batch 42: 10 cards (in=1270 out=1339 cache_read=6067)
  batch 43: 7 cards (in=852 out=643 cache_read=6067)
Flagged 387 entries to /Users/mateo/Downloads/rbsim-main/scripts/review_needed.txt
Aggregated 551 distinct suggested vocab items to /Users/mateo/Downloads/rbsim-main/scripts/suggested_vocab.txt

Done. Enriched 437 cards. Tokens: in=63395 out=56466 cache_read=260881
